Unable to create application: application spec for busybox1 is invalid: InvalidSpecError: Unable to generate manifests in busybox: rpc error: code = Unknown desc = `helm template . --name-template busybox1 --kube-version 1.26 --api-versions admissionregistration.k8s.io/v1 --api-versions admissionregistration.k8s.io/v1/MutatingWebhookConfiguration --api-versions admissionregistration.k8s.io/v1/ValidatingWebhookConfiguration --api-versions apiextensions.k8s.io/v1 --api-versions apiextensions.k8s.io/v1/CustomResourceDefinition --api-versions apiregistration.k8s.io/v1 --api-versions apiregistration.k8s.io/v1/APIService --api-versions apps/v1 --api-versions apps/v1/ControllerRevision --api-versions apps/v1/DaemonSet --api-versions apps/v1/Deployment --api-versions apps/v1/ReplicaSet --api-versions apps/v1/StatefulSet --api-versions argoproj.io/v1alpha1 --api-versions argoproj.io/v1alpha1/AppProject --api-versions argoproj.io/v1alpha1/Application --api-versions argoproj.io/v1alpha1/ApplicationSet --api-versions autoscaling/v1 --api-versions autoscaling/v1/HorizontalPodAutoscaler --api-versions autoscaling/v2 --api-versions autoscaling/v2/HorizontalPodAutoscaler --api-versions batch/v1 --api-versions batch/v1/CronJob --api-versions batch/v1/Job --api-versions certificates.k8s.io/v1 --api-versions certificates.k8s.io/v1/CertificateSigningRequest --api-versions coordination.k8s.io/v1 --api-versions coordination.k8s.io/v1/Lease --api-versions discovery.k8s.io/v1 --api-versions discovery.k8s.io/v1/EndpointSlice --api-versions events.k8s.io/v1 --api-versions events.k8s.io/v1/Event --api-versions flowcontrol.apiserver.k8s.io/v1beta2 --api-versions flowcontrol.apiserver.k8s.io/v1beta2/FlowSchema --api-versions flowcontrol.apiserver.k8s.io/v1beta2/PriorityLevelConfiguration --api-versions flowcontrol.apiserver.k8s.io/v1beta3 --api-versions flowcontrol.apiserver.k8s.io/v1beta3/FlowSchema --api-versions flowcontrol.apiserver.k8s.io/v1beta3/PriorityLevelConfiguration --api-versions networking.k8s.io/v1 --api-versions networking.k8s.io/v1/Ingress --api-versions networking.k8s.io/v1/IngressClass --api-versions networking.k8s.io/v1/NetworkPolicy --api-versions node.k8s.io/v1 --api-versions node.k8s.io/v1/RuntimeClass --api-versions policy/v1 --api-versions policy/v1/PodDisruptionBudget --api-versions rbac.authorization.k8s.io/v1 --api-versions rbac.authorization.k8s.io/v1/ClusterRole --api-versions rbac.authorization.k8s.io/v1/ClusterRoleBinding --api-versions rbac.authorization.k8s.io/v1/Role --api-versions rbac.authorization.k8s.io/v1/RoleBinding --api-versions scheduling.k8s.io/v1 --api-versions scheduling.k8s.io/v1/PriorityClass --api-versions storage.k8s.io/v1 --api-versions storage.k8s.io/v1/CSIDriver --api-versions storage.k8s.io/v1/CSINode --api-versions storage.k8s.io/v1/CSIStorageCapacity --api-versions storage.k8s.io/v1/StorageClass --api-versions storage.k8s.io/v1/VolumeAttachment --api-versions storage.k8s.io/v1beta1 --api-versions storage.k8s.io/v1beta1/CSIStorageCapacity --api-versions v1 --api-versions v1/ConfigMap --api-versions v1/Endpoints --api-versions v1/Event --api-versions v1/LimitRange --api-versions v1/Namespace --api-versions v1/Node --api-versions v1/PersistentVolume --api-versions v1/PersistentVolumeClaim --api-versions v1/Pod --api-versions v1/PodTemplate --api-versions v1/ReplicationController --api-versions v1/ResourceQuota --api-versions v1/Secret --api-versions v1/Service --api-versions v1/ServiceAccount --include-crds` failed exit status 1: Error: template: busybox/templates/service.yaml:8:18: executing "busybox/templates/service.yaml" at <.Values.service.type>: nil pointer evaluating interface {}.type Use --debug flag to render out invalid YAML